  console.log
    DEBUG: Identities Registered: [ true, true, true, true, true, true ]

      at src/kernel-core/L0/__tests__/Security.test.ts:21:13

  console.log
    [Iron] Critical Breach(REVOKED_ENTITY).Triggering Automatic Revocation for replayer

      at GovernanceKernel.reject (src/kernel-core/Kernel.ts:356:21)

  console.log
    DEBUG 1.2 Failure: Kernel Reject: Authority Violation: replayer lacks jurisdiction or satisfies limits for wealth

      at Object.<anonymous> (src/kernel-core/L0/__tests__/Security.test.ts:79:47)

node : (node:36076) ExperimentalWarning: VM Modules is an experimental feature and might change at any time
At line:1 char:1
+ node node_modules/cross-env/dist/bin/cross-env.js NODE_OPTIONS=--expe ...
+ ~~~~~~~~~~~~~~~~~~~~~~~~~~~~~~~~~~~~~~~~~~~~~~~~~~~~~~~~~~~~~~~~~~~~~
    + CategoryInfo          : NotSpecified: ((node:36076) Ex...nge at any time:String) [], RemoteException
    + FullyQualifiedErrorId : NativeCommandError
 
(Use `node --trace-warnings ...` to show where the warning was created)
(node:36076) Warning: `--localstorage-file` was provided without a valid path
FAIL src/kernel-core/L0/__tests__/Security.test.ts
  M2.1 Threat Mitigation (Security)
    ├ù 1.2 Replay: Should reject duplicate ActionID (17 ms)
    Γùï skipped 1.1 Forgery: Should reject action with invalid signature
    Γùï skipped 1.3 Privilege Escalation: Should reject unauthorized capability
    Γùï skipped 1.4 Protocol Exploit: Should reject protocol signature from non-protocol

  ΓùÅ M2.1 Threat Mitigation (Security) ΓÇ║ 1.2 Replay: Should reject duplicate ActionID

    expect(received).toBe(expected) // Object.is equality

    Expected: "ACCEPTED"
    Received: "REJECTED"

    [0m [90m 78 |[39m
     [90m 79 |[39m         [36mif[39m (r1[33m.[39mstatus [33m===[39m [32m'REJECTED'[39m) 
console[33m.[39mlog([32m"DEBUG 1.2 Failure:"[39m[33m,[39m r1[33m.[39mreason)[33m;[39m
    [31m[1m>[22m[39m[90m 80 |[39m         
expect(r1[33m.[39mstatus)[33m.[39mtoBe([32m'ACCEPTED'[39m)[33m;[39m
     [90m    |[39m                           [31m[1m^[22m[39m
     [90m 81 |[39m
     [90m 82 |[39m         [90m// Replay attempt[39m
     [90m 83 |[39m         [36mconst[39m result [33m=[39m [36mawait[39m tryExecute({[0m

      at Object.<anonymous> (src/kernel-core/L0/__tests__/Security.test.ts:80:27)

Test Suites: 1 failed, 1 total
Tests:       1 failed, 3 skipped, 4 total
Snapshots:   0 total
Time:        0.623 s, estimated 1 s
Ran all test suites matching src/kernel-core/L0/__tests__/Security.test.ts with tests matching "1.2 Replay".
